// Jest Snapshot v1, https://goo.gl/fbAQLP

exports[`Select calls onChange correctly 1`] = `
<View
  style={
    Object {
      "flex": 1,
      "flexDirection": "row",
      "width": "100%",
    }
  }
>
  <View
    accessible={true}
    collapsable={false}
    focusable={true}
    onClick={[Function]}
    onResponderGrant={[Function]}
    onResponderMove={[Function]}
    onResponderRelease={[Function]}
    onResponderTerminate={[Function]}
    onResponderTerminationRequest={[Function]}
    onStartShouldSetResponder={[Function]}
    style={
      Object {
        "alignItems": "center",
        "backgroundColor": "#4caf50",
        "borderBottomLeftRadius": 20,
        "borderTopLeftRadius": 20,
        "flex": 1,
        "justifyContent": "center",
        "opacity": 1,
      }
    }
  >
    <Text
      style={
        Object {
          "color": "white",
          "fontSize": 15,
        }
      }
    >
      Imperial
    </Text>
  </View>
  <View
    accessible={true}
    collapsable={false}
    focusable={true}
    onClick={[Function]}
    onResponderGrant={[Function]}
    onResponderMove={[Function]}
    onResponderRelease={[Function]}
    onResponderTerminate={[Function]}
    onResponderTerminationRequest={[Function]}
    onStartShouldSetResponder={[Function]}
    style={
      Object {
        "alignItems": "center",
        "backgroundColor": "#e8f5e9",
        "borderBottomRightRadius": 20,
        "borderTopRightRadius": 20,
        "flex": 1,
        "justifyContent": "center",
        "opacity": 1,
      }
    }
  >
    <Text
      style={
        Object {
          "color": "black",
          "fontSize": 15,
        }
      }
    >
      Metric
    </Text>
  </View>
</View>
`;

exports[`Select renders correctly 1`] = `
<View
  style={
    Object {
      "flex": 1,
      "flexDirection": "row",
      "width": "100%",
    }
  }
>
  <View
    accessible={true}
    collapsable={false}
    focusable={true}
    onClick={[Function]}
    onResponderGrant={[Function]}
    onResponderMove={[Function]}
    onResponderRelease={[Function]}
    onResponderTerminate={[Function]}
    onResponderTerminationRequest={[Function]}
    onStartShouldSetResponder={[Function]}
    style={
      Object {
        "alignItems": "center",
        "backgroundColor": "#4caf50",
        "borderBottomLeftRadius": 20,
        "borderTopLeftRadius": 20,
        "flex": 1,
        "justifyContent": "center",
        "opacity": 1,
      }
    }
  >
    <Text
      style={
        Object {
          "color": "white",
          "fontSize": 15,
        }
      }
    >
      Imperial
    </Text>
  </View>
  <View
    accessible={true}
    collapsable={false}
    focusable={true}
    onClick={[Function]}
    onResponderGrant={[Function]}
    onResponderMove={[Function]}
    onResponderRelease={[Function]}
    onResponderTerminate={[Function]}
    onResponderTerminationRequest={[Function]}
    onStartShouldSetResponder={[Function]}
    style={
      Object {
        "alignItems": "center",
        "backgroundColor": "#e8f5e9",
        "borderBottomRightRadius": 20,
        "borderTopRightRadius": 20,
        "flex": 1,
        "justifyContent": "center",
        "opacity": 1,
      }
    }
  >
    <Text
      style={
        Object {
          "color": "black",
          "fontSize": 15,
        }
      }
    >
      Metric
    </Text>
  </View>
</View>
`;
